============================================================
FULL CHAIN DIAGNOSTIC TEST
============================================================
C:/Users/User/AppData/Local/Programs/Python/Python314/python.exe : Traceback (most recent call last):
At line:1 char:57
+ ... Bzik.bot" ; C:/Users/User/AppData/Local/Programs/Python/Python314/pyt ...
+                 ~~~~~~~~~~~~~~~~~~~~~~~~~~~~~~~~~~~~~~~~~~~~~~~~~~~~~~~~~
    + CategoryInfo          : NotSpecified: (Traceback (most recent call last)::String) [], RemoteException
    + FullyQualifiedErrorId : NativeCommandError
 
  File "C:\My Web Sites\Bzik.bot\test_full_chain.py", line 15, in <module>
    print("\n1\ufe0f\u20e3  Testing if Flask backend is running on localhost:5000...")
    ~~~~~^^^^^^^^^^^^^^^^^^^^^^^^^^^^^^^^^^^^^^^^^^^^^^^^^^^^^^^^^^^^^^^^^^^
  File "C:\Users\User\AppData\Local\Programs\Python\Python314\Lib\encodings\cp1251.py", line 19, in encode
    return codecs.charmap_encode(input,self.errors,encoding_table)[0]
           ~~~~~~~~~~~~~~~~~~~~~^^^^^^^^^^^^^^^^^^^^^^^^^^^^^^^^^^
UnicodeEncodeError: 'charmap' codec can't encode characters in position 3-4: character maps to <undefined>
